<html>
<body>
<pre>
<h1>µVision Build Log</h1>
<h2>Tool Versions:</h2>
IDE-Version: ?Vision V5.17.0.0
Copyright (C) 2015 ARM Ltd and ARM Germany GmbH. All rights reserved.
License Information: krit drea, ussq, LIC=----
 
Tool Versions:
Toolchain:       MDK-Lite  Version: 5.17
Toolchain Path:  C:\Keil_v5\ARM\ARMCC\Bin
C Compiler:      Armcc.exe V5.06 update 1 (build 61)
Assembler:       Armasm.exe V5.06 update 1 (build 61)
Linker/Locator:  ArmLink.exe V5.06 update 1 (build 61)
Library Manager: ArmAr.exe V5.06 update 1 (build 61)
Hex Converter:   FromElf.exe V5.06 update 1 (build 61)
CPU DLL:         SARMCM3.DLL V5.17
Dialog DLL:      DCM.DLL V1.13.4.0
Target DLL:      STLink\ST-LINKIII-KEIL_SWO.dll V2.0.18.0
Dialog DLL:      TCM.DLL V1.14.6.0
 
<h2>Project:</h2>
C:\Users\Dream\Desktop\TheNeonLamp-develop\STM32\MDK-ARM\TheNeonLamp.uvprojx
Project File Date:  04/22/2018

<h2>Output:</h2>
*** Using Compiler 'V5.06 update 1 (build 61)', folder: 'C:\Keil_v5\ARM\ARMCC\Bin'
Build target 'TheNeonLamp'
assembling startup_stm32f107xc.s...
compiling stm32f1xx_hal_flash_ex.c...
compiling stm32f1xx_hal_gpio.c...
compiling stm32f1xx_hal_uart.c...
compiling stm32f1xx_hal_cortex.c...
compiling stm32f1xx_hal_spi.c...
compiling stm32f1xx_hal_rcc_ex.c...
compiling stm32f1xx_hal_tim_ex.c...
compiling stm32f1xx_hal_gpio_ex.c...
compiling stm32f1xx_hal_spi_ex.c...
compiling stm32f1xx_hal.c...
compiling stm32f1xx_hal_flash.c...
compiling stm32f1xx_hal_tim.c...
compiling stm32f1xx_hal_dma.c...
compiling stm32f1xx_hal_rcc.c...
compiling stm32f1xx_it.c...
compiling system_stm32f1xx.c...
compiling stm32f1xx_hal_pwr.c...
compiling stm32f1xx_hal_msp.c...
compiling main.c...
../Src/main.c(151): warning:  #223-D: function "LCD_DrawFullCircle" declared implicitly
  	LCD_DrawFullCircle(28, 292, 24);
../Src/main.c(112): warning:  #177-D: variable "pos" was declared but never referenced
  	char pos[50];
../Src/main.c(113): warning:  #177-D: variable "check" was declared but never referenced
  	int check = 1;
../Src/main.c: 3 warnings, 0 errors
compiling et_stm32f_arm_kit_lcd.c...
..\ET_STM32F107\et_stm32f_arm_kit_lcd.c(1436): warning:  #177-D: function "delay" was declared but never referenced
  static void delay(__IO uint32_t nCount)
..\ET_STM32F107\et_stm32f_arm_kit_lcd.c: 1 warning, 0 errors
linking...
Program Size: Code=11972 RO-data=4952 RW-data=12 ZI-data=4996  
FromELF: creating hex file...
"TheNeonLamp\TheNeonLamp.axf" - 0 Error(s), 4 Warning(s).

<h2>Software Packages used:</h2>

Package Vendor: ARM
                http://www.keil.com/pack/ARM.CMSIS.4.5.0.pack
                ARM::CMSIS:CORE:4.3.0
                CMSIS (Cortex Microcontroller Software Interface Standard)
   * Component: CORE Version: 4.3.0

<h2>Collection of Component include folders:</h2>
  C:\Users\Dream\Desktop\TheNeonLamp-develop\STM32\MDK-ARM\RTE
  C:\Keil_v5\ARM\PACK\ARM\CMSIS\4.5.0\CMSIS\Include
  C:\Keil_v5\ARM\PACK\Keil\STM32F1xx_DFP\2.0.0\Device\Include

<h2>Collection of Component Files used:</h2>

   * Component: ARM::CMSIS:CORE:4.3.0
Build Time Elapsed:  00:00:34
</pre>
</body>
</html>
